forklog:
tff(symbolNext, type, sym2: $int).
fof(id0,hypothesis,sta(1,sym2)).%CREATE: a
tff(symbolNext, type, sym5: $int).
fof(id1,hypothesis,stb(1,sym5)).%CREATE: b
tff(symbolNext, type, sym35: $int).
fof(id2,hypothesis,stc(1,sym35)).%CREATE: c
fof(id3,hypothesis,stc(2,undef)).%UPDATE: c
fof(id4,hypothesis,sta(2,sym2)).%SYMBOLIC: a
fof(id5,hypothesis,stb(2,sym5)).%SYMBOLIC: b
fof(final0,hypothesis,sta(0,sym2)).%FINAL: a
fof(final1,hypothesis,stb(0,sym5)).%FINAL: b
fof(final2,hypothesis,stc(0,undef)).%FINAL: c

