forklog:0
tff(symbolNext, type, sym2: $int).
fof(id0,hypothesis,sta(1,sym2)).%CREATE: a
fof('idcase.casm:7',hypothesis,sym2=1).
fof(id1,hypothesis,sta(2,1)).%UPDATE: a
fof(final0,hypothesis,sta(0,1)).%FINAL: a

forklog:1
tff(symbolNext, type, sym2: $int).
fof(id0,hypothesis,sta(1,sym2)).%CREATE: a
fof('idcase.casm:8',hypothesis,sym2=2).
fof(id1,hypothesis,sta(2,2)).%UPDATE: a
fof(final0,hypothesis,sta(0,2)).%FINAL: a

forklog:D
tff(symbolNext, type, sym2: $int).
fof(id0,hypothesis,sta(1,sym2)).%CREATE: a
fof(id1,hypothesis,sta(2,3)).%UPDATE: a
fof(final0,hypothesis,sta(0,3)).%FINAL: a

