forklog:II
tff(symbolNext, type, sym2: $int).
fof(id0,hypothesis,sta(1,sym2)).%CREATE: a
tff(symbolNext, type, sym3: $int).
fof(id1,hypothesis,stb(1,sym3)).%CREATE: b
tff(symbolNext, type, sym4: $int).
fof(id2,hypothesis,stc(1,sym4)).%CREATE: c
fof('idnested-if.casm:12',hypothesis,sym2=1).
fof('idnested-if.casm:13',hypothesis,sym3=1).
fof(id3,hypothesis,stc(2,0)).%UPDATE: c
fof(id4,hypothesis,sta(2,sym2)).%SYMBOLIC: a
fof(id5,hypothesis,stb(2,sym3)).%SYMBOLIC: b
fof(final0,hypothesis,sta(0,sym2)).%FINAL: a
fof(final1,hypothesis,stb(0,sym3)).%FINAL: b
fof(final2,hypothesis,stc(0,0)).%FINAL: c

forklog:IE
tff(symbolNext, type, sym2: $int).
fof(id0,hypothesis,sta(1,sym2)).%CREATE: a
tff(symbolNext, type, sym3: $int).
fof(id1,hypothesis,stb(1,sym3)).%CREATE: b
tff(symbolNext, type, sym4: $int).
fof(id2,hypothesis,stc(1,sym4)).%CREATE: c
fof('idnested-if.casm:12',hypothesis,sym2=1).
fof('idnested-if.casm:13',hypothesis,sym3=0).
fof(id3,hypothesis,stc(2,1)).%UPDATE: c
fof(id4,hypothesis,sta(2,sym2)).%SYMBOLIC: a
fof(id5,hypothesis,stb(2,sym3)).%SYMBOLIC: b
fof(final0,hypothesis,sta(0,sym2)).%FINAL: a
fof(final1,hypothesis,stb(0,sym3)).%FINAL: b
fof(final2,hypothesis,stc(0,1)).%FINAL: c

forklog:EI
tff(symbolNext, type, sym2: $int).
fof(id0,hypothesis,sta(1,sym2)).%CREATE: a
tff(symbolNext, type, sym3: $int).
fof(id1,hypothesis,stb(1,sym3)).%CREATE: b
tff(symbolNext, type, sym4: $int).
fof(id2,hypothesis,stc(1,sym4)).%CREATE: c
fof('idnested-if.casm:12',hypothesis,sym2=0).
fof('idnested-if.casm:19',hypothesis,sym3=1).
fof(id3,hypothesis,stc(2,2)).%UPDATE: c
fof(id4,hypothesis,sta(2,sym2)).%SYMBOLIC: a
fof(id5,hypothesis,stb(2,sym3)).%SYMBOLIC: b
fof(final0,hypothesis,sta(0,sym2)).%FINAL: a
fof(final1,hypothesis,stb(0,sym3)).%FINAL: b
fof(final2,hypothesis,stc(0,2)).%FINAL: c

forklog:EE
tff(symbolNext, type, sym2: $int).
fof(id0,hypothesis,sta(1,sym2)).%CREATE: a
tff(symbolNext, type, sym3: $int).
fof(id1,hypothesis,stb(1,sym3)).%CREATE: b
tff(symbolNext, type, sym4: $int).
fof(id2,hypothesis,stc(1,sym4)).%CREATE: c
fof('idnested-if.casm:12',hypothesis,sym2=0).
fof('idnested-if.casm:19',hypothesis,sym3=0).
fof(id3,hypothesis,stc(2,3)).%UPDATE: c
fof(id4,hypothesis,sta(2,sym2)).%SYMBOLIC: a
fof(id5,hypothesis,stb(2,sym3)).%SYMBOLIC: b
fof(final0,hypothesis,sta(0,sym2)).%FINAL: a
fof(final1,hypothesis,stb(0,sym3)).%FINAL: b
fof(final2,hypothesis,stc(0,3)).%FINAL: c

