forklog:
fof(id0,hypothesis,cscs(1,1,2)).%CREATE: cs(1)
fof(id1,hypothesis,cscs(1,3,4)).%CREATE: cs(3)
tff(symbolNext, type, sym2: $int).
fof(id2,hypothesis,stst(1,1,sym2)).%CREATE: st(1)
tff(symbolNext, type, sym3: $int).
fof(id3,hypothesis,cscs(1,2,sym3)).%CREATE: cs(2)
tff(symbolNext, type, sym5: $int).
fof(id4,hypothesis,stst(1,2,sym5)).%CREATE: st(2)
tff(symbolNext, type, sym4: $int).
fof(id5,hypothesis,fadd_result(32, 2, sym3, sym4)).
fof(id6,hypothesis,stst(2,1,sym2)).%SYMBOLIC: st(1)
fof(id7,hypothesis,stst(2,2,sym4)).%UPDATE: st(2)
fof(final0,hypothesis,cscs(0,2,sym3)).%FINAL: cs(2)
fof(final1,hypothesis,cscs(0,3,4)).%FINAL: cs(3)
fof(final2,hypothesis,cscs(0,1,2)).%FINAL: cs(1)
fof(final3,hypothesis,stst(0,2,sym4)).%FINAL: st(2)
fof(final4,hypothesis,stst(0,1,sym2)).%FINAL: st(1)

