case_00=STATEMENTS(LOCAL(ident u0__,num 48879),SEQBLOCK(STATEMENTS(UPDATE(ident x,ident u0__),STATEMENTS(PRINT(LIST(ident u0__,null),null),null)),null))

case_01=SEQBLOCK(STATEMENTS(IF(TRUE,ELSE(PARBLOCK(STATEMENTS(UPDATE(ident x,num 48879),null),null),PARBLOCK(STATEMENTS(ASSERT(FALSE,null),null),null))),STATEMENTS(PRINT(LIST(ident x,null),null),null)),null)

case_02=SEQBLOCK(STATEMENTS(UPDATE(ident x,num 57005),STATEMENTS(IF(TRUE,ELSE(PARBLOCK(STATEMENTS(UPDATE(ident x,num 48879),null),null),PARBLOCK(STATEMENTS(ASSERT(FALSE,null),null),null))),STATEMENTS(PRINT(LIST(ident x,null),null),null))),null)

case_03=SEQBLOCK(STATEMENTS(UPDATE(ident x,num 57005),STATEMENTS(IF(TRUE,ELSE(PARBLOCK(STATEMENTS(UPDATE(ident x,num 48879),null),null),PARBLOCK(STATEMENTS(ASSERT(FALSE,null),null),null))),STATEMENTS(PRINT(LIST(ident x,null),null),STATEMENTS(PRINT(LIST(ident x,null),null),null)))),null)

case_04=SEQBLOCK(STATEMENTS(UPDATE(ident x,num 57005),STATEMENTS(IF(TRUE,ELSE(PARBLOCK(STATEMENTS(UPDATE(ident x,num 48879),null),null),PARBLOCK(STATEMENTS(ASSERT(FALSE,null),null),null))),STATEMENTS(UPDATE(ident x,num 57071),STATEMENTS(PRINT(LIST(ident x,null),null),STATEMENTS(PRINT(LIST(ident x,null),null),null))))),null)
