foo=STATEMENTS(LET CONST(ident c0__,num 10),STATEMENTS(LET CONST(ident c1__,SELF),STATEMENTS(LET CONST(ident c2__,UNDEF),PARBLOCK(STATEMENTS(STATEMENTS(SKIP,PARBLOCK(PARBLOCK(STATEMENTS(PRINT(LIST(ident c0__,null),null),null),null),null)),STATEMENTS(STATEMENTS(SKIP,PARBLOCK(PARBLOCK(STATEMENTS(PRINT(LIST(ident c0__,null),null),null),null),null)),STATEMENTS(STATEMENTS(SKIP,PARBLOCK(PARBLOCK(STATEMENTS(PRINT(LIST(ident c0__,null),null),null),null),null)),STATEMENTS(UPDATE(LOOKUP(ident program,LIST(ident c1__,null)),ident c2__),null)))),null))))