foo=STATEMENTS(LET CONST(ident c0__,num 1234),STATEMENTS(LET CONST(ident c1__,num 3210),STATEMENTS(LET CONST(ident c2__,num -1),STATEMENTS(LET CONST(ident c3__,num 4321),STATEMENTS(LET CONST(ident c4__,num 1987),STATEMENTS(LET CONST(ident c5__,num 3),PARBLOCK(STATEMENTS(PRINT(LIST(ident c0__,null),null),STATEMENTS(PRINT(LIST(ident c1__,null),null),STATEMENTS(PRINT(LIST(LOOKUP(ident baz,LIST(ident c2__,null)),null),null),STATEMENTS(PRINT(LIST(ident c3__,null),null),STATEMENTS(PRINT(LIST(ident c4__,null),null),STATEMENTS(CALL_INDIRECT(ident bbb,null),STATEMENTS(PARBLOCK(CALL_INDIRECT(ident ccc,null),null),STATEMENTS(UPDATE(LOOKUP(ident program,LIST(SELF,null)),UNDEF),null)))))))),null)))))))

bbb=SKIP

ccc=SKIP