foo=PARBLOCK(STATEMENTS(PARBLOCK(STATEMENTS(PARBLOCK(STATEMENTS(PRINT(LIST(num 0,null),null),null),null),STATEMENTS(PARBLOCK(STATEMENTS(PRINT(LIST(num 1,null),null),null),null),STATEMENTS(PARBLOCK(STATEMENTS(PRINT(LIST(num 2,null),null),null),null),null))),null),STATEMENTS(UPDATE(LOOKUP(ident program,LIST(SELF,null)),UNDEF),null)),null)
