foo=STATEMENTS(LET CONST(ident c0__,num 300),STATEMENTS(LET CONST(ident c1__,num 32),STATEMENTS(LET CONST(ident c2__,num 10),STATEMENTS(LET CONST(ident c3__,num 3),STATEMENTS(LET CONST(ident c4__,num 5),PARBLOCK(STATEMENTS(LET(ident l0__,LET(null,LET(LOOKUP(ident MEMORY,LIST(ident c0__,null)),PARBLOCK(UPDATE(LOOKUP(ident MEMORY,LIST(ident c2__,null)),LOOKUP(ident BVsb,LIST(ident c1__,LIST(ident c2__,LIST(LOOKUP(ident MEMORY,LIST(LOOKUP(ident BVadd_result,LIST(ident c1__,LIST(LOOKUP(ident BVadd_result,LIST(ident c1__,LIST(ident l0__,LIST(ident l0__,null)))),LIST(ident c3__,null)))),null)),LIST(ident c4__,null)))))),null)))),null),null))))))