foo=STATEMENTS(LOCAL(ident v2__,ident cnt),PARBLOCK(STATEMENTS(STATEMENTS(LOCAL(ident v0__,ident bar),SEQBLOCK(STATEMENTS(DEBUG(ident out,LIST(ident v0__,null)),STATEMENTS(STATEMENTS(LOCAL(ident v1__,+(ident v0__,num 1)),UPDATE(ident bar,ident v1__)),STATEMENTS(DEBUG(ident out,LIST(ident v1__,null)),null))),null)),STATEMENTS(UPDATE(ident cnt,+(ident v2__,num 1)),STATEMENTS(IF(=(ident v2__,num 12345678),UPDATE(LOOKUP(ident program,LIST(SELF,null)),UNDEF)),null))),null))
