tff(symbolNext, type, sym2: $int).
fof(id0,hypothesis,sta(1,sym2)).%CREATE: a 
fof('idutils/tests/if/basic-if.casm:11',hypothesis,sym2=1).
tff(symbolNext, type, sym3: $int).
fof(id1,hypothesis,stb(1,sym3)).%CREATE: b 
fof(id2,hypothesis,sta(2,sym2)).%SYMBOLIC: a 
fof(id3,hypothesis,stb(2,0)).%UPDATE: b 
fof(final0,hypothesis,sta(0,sym2)).%FINAL: a 
fof(final1,hypothesis,stb(0,0)).%FINAL: b 
